---
version: 1
interactions:
- request:
    body: '{"name":"name","description":"description","organization":"b3ba839a-dcf2-4b0a-ac81-fc32370052a0","stateful":true,"inbound_default_policy":"accept","outbound_default_policy":"drop"}'
    form: {}
    headers:
      Content-Type:
      - application/json
      User-Agent:
      - scaleway-sdk-go/0.0.0 (go1.12.6; darwin; amd64)
    url: https://api.scaleway.com/instance/v1/zones/fr-par-1/security_groups
    method: POST
  response:
    body: '{"security_group": {"outbound_default_policy": "drop", "description": "description",
      "servers": [], "stateful": true, "creation_date": "2019-07-09T16:18:44.883921+00:00",
      "id": "8adfaa02-ee6c-4573-a659-720a556ead4c", "name": "name", "modification_date":
      "2019-07-09T16:18:44.883921+00:00", "inbound_default_policy": "accept", "organization":
      "b3ba839a-dcf2-4b0a-ac81-fc32370052a0", "organization_default": false, "enable_default_security":
      true}}'
    headers:
      Cache-Control:
      - no-cache
      Content-Length:
      - "446"
      Content-Security-Policy:
      - default-src 'none'; frame-ancestors 'none'
      Content-Type:
      - application/json
      Date:
      - Tue, 09 Jul 2019 16:18:45 GMT
      Location:
      - https://cp-par1.scaleway.com/security_groups/8adfaa02-ee6c-4573-a659-720a556ead4c
      Server:
      - scaleway_api
      Strict-Transport-Security:
      - max-age=63072000
      X-Content-Type-Options:
      - nosniff
      X-Frame-Options:
      - DENY
    status: 201 Created
    code: 201
    duration: ""
- request:
    body: '{"protocol":"TCP","direction":"inbound","action":"accept","ip_range":"8.8.8.8/32","dest_port_from":1,"dest_port_to":1024,"position":1}'
    form: {}
    headers:
      Content-Type:
      - application/json
      User-Agent:
      - scaleway-sdk-go/0.0.0 (go1.12.6; darwin; amd64)
    url: https://api.scaleway.com/instance/v1/zones/fr-par-1/security_groups/8adfaa02-ee6c-4573-a659-720a556ead4c/rules
    method: POST
  response:
    body: '{"rule": {"direction": "inbound", "protocol": "TCP", "ip_range": "8.8.8.8",
      "dest_port_from": 1, "action": "accept", "position": 1, "dest_port_to": 1024,
      "editable": null, "id": "39367308-cfbf-4db2-af3d-bfd7fed870be"}}'
    headers:
      Cache-Control:
      - no-cache
      Content-Length:
      - "218"
      Content-Security-Policy:
      - default-src 'none'; frame-ancestors 'none'
      Content-Type:
      - application/json
      Date:
      - Tue, 09 Jul 2019 16:18:45 GMT
      Location:
      - https://cp-par1.scaleway.com/security_groups/8adfaa02-ee6c-4573-a659-720a556ead4c/rules/39367308-cfbf-4db2-af3d-bfd7fed870be
      Server:
      - scaleway_api
      Strict-Transport-Security:
      - max-age=63072000
      X-Content-Type-Options:
      - nosniff
      X-Frame-Options:
      - DENY
    status: 201 Created
    code: 201
    duration: ""
- request:
    body: ""
    form: {}
    headers:
      User-Agent:
      - scaleway-sdk-go/0.0.0 (go1.12.6; darwin; amd64)
    url: https://api.scaleway.com/instance/v1/zones/fr-par-1/security_groups/8adfaa02-ee6c-4573-a659-720a556ead4c/rules/39367308-cfbf-4db2-af3d-bfd7fed870be
    method: GET
  response:
    body: '{"rule": {"direction": "inbound", "protocol": "TCP", "ip_range": "8.8.8.8",
      "dest_port_from": 1, "action": "accept", "position": 1, "dest_port_to": 1024,
      "editable": null, "id": "39367308-cfbf-4db2-af3d-bfd7fed870be"}}'
    headers:
      Cache-Control:
      - no-cache
      Content-Length:
      - "218"
      Content-Security-Policy:
      - default-src 'none'; frame-ancestors 'none'
      Content-Type:
      - application/json
      Date:
      - Tue, 09 Jul 2019 16:18:45 GMT
      Server:
      - scaleway_api
      Strict-Transport-Security:
      - max-age=63072000
      X-Content-Type-Options:
      - nosniff
      X-Frame-Options:
      - DENY
    status: 200 OK
    code: 200
    duration: ""
- request:
    body: '{"id":"39367308-cfbf-4db2-af3d-bfd7fed870be","protocol":"UDP","direction":"outbound","action":"drop","ip_range":"1.1.1.1/32","dest_port_from":1,"dest_port_to":2048,"position":1,"editable":false}'
    form: {}
    headers:
      Content-Type:
      - application/json
      User-Agent:
      - scaleway-sdk-go/0.0.0 (go1.12.6; darwin; amd64)
    url: https://api.scaleway.com/instance/v1/zones/fr-par-1/security_groups/8adfaa02-ee6c-4573-a659-720a556ead4c/rules/39367308-cfbf-4db2-af3d-bfd7fed870be
    method: PUT
  response:
    body: '{"rule": {"direction": "outbound", "protocol": "UDP", "ip_range": "1.1.1.1",
      "dest_port_from": 1, "action": "drop", "position": 1, "dest_port_to": 2048,
      "editable": null, "id": "39367308-cfbf-4db2-af3d-bfd7fed870be"}}'
    headers:
      Cache-Control:
      - no-cache
      Content-Length:
      - "217"
      Content-Security-Policy:
      - default-src 'none'; frame-ancestors 'none'
      Content-Type:
      - application/json
      Date:
      - Tue, 09 Jul 2019 16:18:45 GMT
      Server:
      - scaleway_api
      Strict-Transport-Security:
      - max-age=63072000
      X-Content-Type-Options:
      - nosniff
      X-Frame-Options:
      - DENY
    status: 200 OK
    code: 200
    duration: ""
- request:
    body: ""
    form: {}
    headers:
      User-Agent:
      - scaleway-sdk-go/0.0.0 (go1.12.6; darwin; amd64)
    url: https://api.scaleway.com/instance/v1/zones/fr-par-1/security_groups/8adfaa02-ee6c-4573-a659-720a556ead4c
    method: DELETE
  response:
    body: ""
    headers:
      Cache-Control:
      - no-cache
      Content-Security-Policy:
      - default-src 'none'; frame-ancestors 'none'
      Content-Type:
      - application/json
      Date:
      - Tue, 09 Jul 2019 16:18:45 GMT
      Server:
      - scaleway_api
      Strict-Transport-Security:
      - max-age=63072000
      X-Content-Type-Options:
      - nosniff
      X-Frame-Options:
      - DENY
    status: 204 No Content
    code: 204
    duration: ""
- request:
    body: '{"name":"name","description":"description","organization":"b3ba839a-dcf2-4b0a-ac81-fc32370052a0","stateful":true,"inbound_default_policy":"accept","outbound_default_policy":"drop"}'
    form: {}
    headers:
      Content-Type:
      - application/json
      User-Agent:
      - scaleway-sdk-go/0.0.0 (go1.12.6; darwin; amd64)
    url: https://api.scaleway.com/instance/v1/zones/fr-par-1/security_groups
    method: POST
  response:
    body: '{"security_group": {"outbound_default_policy": "drop", "description": "description",
      "servers": [], "stateful": true, "creation_date": "2019-07-09T16:18:46.294606+00:00",
      "id": "1ba59c23-0a71-4027-809a-30433b6876af", "name": "name", "modification_date":
      "2019-07-09T16:18:46.294606+00:00", "inbound_default_policy": "accept", "organization":
      "b3ba839a-dcf2-4b0a-ac81-fc32370052a0", "organization_default": false, "enable_default_security":
      true}}'
    headers:
      Cache-Control:
      - no-cache
      Content-Length:
      - "446"
      Content-Security-Policy:
      - default-src 'none'; frame-ancestors 'none'
      Content-Type:
      - application/json
      Date:
      - Tue, 09 Jul 2019 16:18:46 GMT
      Location:
      - https://cp-par1.scaleway.com/security_groups/1ba59c23-0a71-4027-809a-30433b6876af
      Server:
      - scaleway_api
      Strict-Transport-Security:
      - max-age=63072000
      X-Content-Type-Options:
      - nosniff
      X-Frame-Options:
      - DENY
    status: 201 Created
    code: 201
    duration: ""
- request:
    body: '{"protocol":"TCP","direction":"inbound","action":"accept","ip_range":"8.8.8.8/32","dest_port_from":1,"dest_port_to":1024,"position":1}'
    form: {}
    headers:
      Content-Type:
      - application/json
      User-Agent:
      - scaleway-sdk-go/0.0.0 (go1.12.6; darwin; amd64)
    url: https://api.scaleway.com/instance/v1/zones/fr-par-1/security_groups/1ba59c23-0a71-4027-809a-30433b6876af/rules
    method: POST
  response:
    body: '{"rule": {"direction": "inbound", "protocol": "TCP", "ip_range": "8.8.8.8",
      "dest_port_from": 1, "action": "accept", "position": 1, "dest_port_to": 1024,
      "editable": null, "id": "03dad513-71ae-4755-93d7-ab683c702aaf"}}'
    headers:
      Cache-Control:
      - no-cache
      Content-Length:
      - "218"
      Content-Security-Policy:
      - default-src 'none'; frame-ancestors 'none'
      Content-Type:
      - application/json
      Date:
      - Tue, 09 Jul 2019 16:18:46 GMT
      Location:
      - https://cp-par1.scaleway.com/security_groups/1ba59c23-0a71-4027-809a-30433b6876af/rules/03dad513-71ae-4755-93d7-ab683c702aaf
      Server:
      - scaleway_api
      Strict-Transport-Security:
      - max-age=63072000
      X-Content-Type-Options:
      - nosniff
      X-Frame-Options:
      - DENY
    status: 201 Created
    code: 201
    duration: ""
- request:
    body: ""
    form: {}
    headers:
      User-Agent:
      - scaleway-sdk-go/0.0.0 (go1.12.6; darwin; amd64)
    url: https://api.scaleway.com/instance/v1/zones/fr-par-1/security_groups/1ba59c23-0a71-4027-809a-30433b6876af/rules/03dad513-71ae-4755-93d7-ab683c702aaf
    method: GET
  response:
    body: '{"rule": {"direction": "inbound", "protocol": "TCP", "ip_range": "8.8.8.8",
      "dest_port_from": 1, "action": "accept", "position": 1, "dest_port_to": 1024,
      "editable": null, "id": "03dad513-71ae-4755-93d7-ab683c702aaf"}}'
    headers:
      Cache-Control:
      - no-cache
      Content-Length:
      - "218"
      Content-Security-Policy:
      - default-src 'none'; frame-ancestors 'none'
      Content-Type:
      - application/json
      Date:
      - Tue, 09 Jul 2019 16:18:47 GMT
      Server:
      - scaleway_api
      Strict-Transport-Security:
      - max-age=63072000
      X-Content-Type-Options:
      - nosniff
      X-Frame-Options:
      - DENY
    status: 200 OK
    code: 200
    duration: ""
- request:
    body: '{"id":"03dad513-71ae-4755-93d7-ab683c702aaf","protocol":"UDP","direction":"outbound","action":"drop","ip_range":"1.1.1.1/32","dest_port_from":22,"dest_port_to":null,"position":1,"editable":false}'
    form: {}
    headers:
      Content-Type:
      - application/json
      User-Agent:
      - scaleway-sdk-go/0.0.0 (go1.12.6; darwin; amd64)
    url: https://api.scaleway.com/instance/v1/zones/fr-par-1/security_groups/1ba59c23-0a71-4027-809a-30433b6876af/rules/03dad513-71ae-4755-93d7-ab683c702aaf
    method: PUT
  response:
    body: '{"rule": {"direction": "outbound", "protocol": "UDP", "ip_range": "1.1.1.1",
      "dest_port_from": 22, "action": "drop", "position": 1, "dest_port_to": null,
      "editable": null, "id": "03dad513-71ae-4755-93d7-ab683c702aaf"}}'
    headers:
      Cache-Control:
      - no-cache
      Content-Length:
      - "218"
      Content-Security-Policy:
      - default-src 'none'; frame-ancestors 'none'
      Content-Type:
      - application/json
      Date:
      - Tue, 09 Jul 2019 16:18:47 GMT
      Server:
      - scaleway_api
      Strict-Transport-Security:
      - max-age=63072000
      X-Content-Type-Options:
      - nosniff
      X-Frame-Options:
      - DENY
    status: 200 OK
    code: 200
    duration: ""
- request:
    body: ""
    form: {}
    headers:
      User-Agent:
      - scaleway-sdk-go/0.0.0 (go1.12.6; darwin; amd64)
    url: https://api.scaleway.com/instance/v1/zones/fr-par-1/security_groups/1ba59c23-0a71-4027-809a-30433b6876af
    method: DELETE
  response:
    body: ""
    headers:
      Cache-Control:
      - no-cache
      Content-Security-Policy:
      - default-src 'none'; frame-ancestors 'none'
      Content-Type:
      - application/json
      Date:
      - Tue, 09 Jul 2019 16:18:47 GMT
      Server:
      - scaleway_api
      Strict-Transport-Security:
      - max-age=63072000
      X-Content-Type-Options:
      - nosniff
      X-Frame-Options:
      - DENY
    status: 204 No Content
    code: 204
    duration: ""
